Java HotSpot(TM) 64-Bit Server VM warning: Sharing is only supported for boot loader classes because bootstrap classpath has been appended
[otel.javaagent 2025-07-20 18:12:10:121 +0200] [main] INFO io.opentelemetry.javaagent.tooling.VersionLogger - opentelemetry-javaagent - version: 2.18.0
WARNING: A terminally deprecated method in sun.misc.Unsafe has been called
WARNING: sun.misc.Unsafe::objectFieldOffset has been called by net.bytebuddy.dynamic.loading.ClassInjector$UsingUnsafe$Dispatcher$CreationAction (file:/Users/victortalukdar/Documents/Technical/JAVA/Open%20Telemetry%20Project/opentelemetry-javaagent.jar)
WARNING: Please consider reporting this to the maintainers of class net.bytebuddy.dynamic.loading.ClassInjector$UsingUnsafe$Dispatcher$CreationAction
WARNING: sun.misc.Unsafe::objectFieldOffset will be removed in a future release
[otel.javaagent 2025-07-20 18:12:10:465 +0200] [main] INFO io.opentelemetry.sdk.autoconfigure.AutoConfiguredOpenTelemetrySdkBuilder - Error encountered during autoconfiguration. Closing partially configured components.
OpenTelemetry Javaagent failed to start
io.opentelemetry.sdk.autoconfigure.spi.ConfigurationException: OTLP endpoint must be a valid URL: grpc://localhost:4317
	at io.opentelemetry.exporter.otlp.internal.OtlpConfigUtil.validateEndpoint(OtlpConfigUtil.java:184)
	at io.opentelemetry.exporter.otlp.internal.OtlpConfigUtil.configureOtlpExporterBuilder(OtlpConfigUtil.java:78)
	at io.opentelemetry.exporter.otlp.internal.OtlpMetricExporterProvider.createExporter(OtlpMetricExporterProvider.java:59)
	at io.opentelemetry.sdk.autoconfigure.internal.SpiHelper.lambda$loadConfigurable$0(SpiHelper.java:76)
	at io.opentelemetry.sdk.autoconfigure.internal.NamedSpiManager.tryLoadImplementationForName(NamedSpiManager.java:51)
	at java.base/java.util.concurrent.ConcurrentHashMap.computeIfAbsent(ConcurrentHashMap.java:1724)
	at io.opentelemetry.sdk.autoconfigure.internal.NamedSpiManager.getByName(NamedSpiManager.java:41)
	at io.opentelemetry.sdk.autoconfigure.MetricExporterConfiguration.configureExporter(MetricExporterConfiguration.java:133)
	at io.opentelemetry.sdk.autoconfigure.MetricExporterConfiguration.configureReader(MetricExporterConfiguration.java:53)
	at io.opentelemetry.sdk.autoconfigure.MeterProviderConfiguration.lambda$configureMetricReaders$2(MeterProviderConfiguration.java:102)
	at java.base/java.util.stream.ReferencePipeline$3$1.accept(ReferencePipeline.java:215)
	at java.base/java.util.Collections$2.tryAdvance(Collections.java:5075)
	at java.base/java.util.Collections$2.forEachRemaining(Collections.java:5083)
	at java.base/java.util.stream.AbstractPipeline.copyInto(AbstractPipeline.java:570)
	at java.base/java.util.stream.AbstractPipeline.wrapAndCopyInto(AbstractPipeline.java:560)
	at java.base/java.util.stream.ReduceOps$ReduceOp.evaluateSequential(ReduceOps.java:921)
	at java.base/java.util.stream.AbstractPipeline.evaluate(AbstractPipeline.java:265)
	at java.base/java.util.stream.ReferencePipeline.collect(ReferencePipeline.java:727)
	at io.opentelemetry.sdk.autoconfigure.MeterProviderConfiguration.configureMetricReaders(MeterProviderConfiguration.java:109)
	at io.opentelemetry.sdk.autoconfigure.MeterProviderConfiguration.configureMeterProvider(MeterProviderConfiguration.java:71)
	at io.opentelemetry.sdk.autoconfigure.AutoConfiguredOpenTelemetrySdkBuilder.configureSdk(AutoConfiguredOpenTelemetrySdkBuilder.java:525)
	at io.opentelemetry.sdk.autoconfigure.AutoConfiguredOpenTelemetrySdkBuilder.buildImpl(AutoConfiguredOpenTelemetrySdkBuilder.java:488)
	at io.opentelemetry.sdk.autoconfigure.AutoConfiguredOpenTelemetrySdkBuilder.lambda$build$12(AutoConfiguredOpenTelemetrySdkBuilder.java:435)
	at io.opentelemetry.javaagent.shaded.io.opentelemetry.api.GlobalOpenTelemetry.set(GlobalOpenTelemetry.java:130)
	at io.opentelemetry.sdk.autoconfigure.AutoConfiguredOpenTelemetrySdkBuilder.build(AutoConfiguredOpenTelemetrySdkBuilder.java:433)
	at io.opentelemetry.javaagent.tooling.OpenTelemetryInstaller.installOpenTelemetrySdk(OpenTelemetryInstaller.java:29)
	at io.opentelemetry.javaagent.tooling.AgentInstaller.installBytebuddyAgent(AgentInstaller.java:168)
	at io.opentelemetry.javaagent.tooling.AgentInstaller.installBytebuddyAgent(AgentInstaller.java:113)
	at io.opentelemetry.javaagent.tooling.AgentStarterImpl.start(AgentStarterImpl.java:101)
	at io.opentelemetry.javaagent.bootstrap.AgentInitializer$2.run(AgentInitializer.java:66)
	at io.opentelemetry.javaagent.bootstrap.AgentInitializer$2.run(AgentInitializer.java:60)
	at io.opentelemetry.javaagent.bootstrap.AgentInitializer.execute(AgentInitializer.java:82)
	at io.opentelemetry.javaagent.bootstrap.AgentInitializer.initialize(AgentInitializer.java:59)
	at io.opentelemetry.javaagent.OpenTelemetryAgent.startAgent(OpenTelemetryAgent.java:59)
	at io.opentelemetry.javaagent.OpenTelemetryAgent.premain(OpenTelemetryAgent.java:46)
	at java.base/jdk.internal.reflect.DirectMethodHandleAccessor.invoke(DirectMethodHandleAccessor.java:104)
	at java.base/java.lang.reflect.Method.invoke(Method.java:565)
	at java.instrument/sun.instrument.InstrumentationImpl.loadClassAndStartAgent(InstrumentationImpl.java:544)
	at java.instrument/sun.instrument.InstrumentationImpl.loadClassAndCallPremain(InstrumentationImpl.java:556)
Caused by: java.net.MalformedURLException: unknown protocol: grpc
	at java.base/java.net.URL.<init>(URL.java:740)
	at java.base/java.net.URL.<init>(URL.java:628)
	at java.base/java.net.URL.<init>(URL.java:564)
	at io.opentelemetry.exporter.otlp.internal.OtlpConfigUtil.validateEndpoint(OtlpConfigUtil.java:182)
	... 38 more

  .   ____          _            __ _ _
 /\\ / ___'_ __ _ _(_)_ __  __ _ \ \ \ \
( ( )\___ | '_ | '_| | '_ \/ _` | \ \ \ \
 \\/  ___)| |_)| | | | | || (_| |  ) ) ) )
  '  |____| .__|_| |_|_| |_\__, | / / / /
 =========|_|==============|___/=/_/_/_/
[32m :: Spring Boot :: [39m              [2m (v3.2.4)[0;39m

WARNING: A restricted method in java.lang.System has been called
WARNING: java.lang.System::load has been called by org.apache.tomcat.jni.Library in an unnamed module (jar:nested:/Users/victortalukdar/Documents/Technical/JAVA/Open%20Telemetry%20Project/target/otel-demo-0.0.1-SNAPSHOT.jar/!BOOT-INF/lib/tomcat-embed-core-10.1.19.jar!/)
WARNING: Use --enable-native-access=ALL-UNNAMED to avoid a warning for callers in this module
WARNING: Restricted methods will be blocked in a future release unless native access is enabled

